// Jest Snapshot v1, https://goo.gl/fbAQLP

exports[`<App /> should render properly and match snapshot 1`] = `
<form
  class="sc-AxgMl iEzbDl"
>
  <div
    class="form-group row"
  >
    <label
      class="form-label col-form-label col-sm-2"
    >
      Email
    </label>
    <div
      class="col-sm-10"
    >
      <input
        class="form-control"
        placeholder="email"
        type="email"
        value=""
      />
    </div>
  </div>
  <div
    class="form-group row"
  >
    <label
      class="form-label col-form-label col-sm-2"
      for="formPlaintextPassword"
    >
      Password
    </label>
    <div
      class="col-sm-10"
    >
      <input
        class="form-control"
        id="formPlaintextPassword"
        placeholder="Password"
        type="password"
        value=""
      />
    </div>
  </div>
  <button
    class="sc-AxhUy icMVrQ btn btn-primary"
    type="button"
  >
    login
  </button>
</form>
`;
